Build started 12/6/2025 9:42:52 PM.

Project "C:\Users\sebas\masterFrozenPursuit\group-1\Frozen Pursuit.sln" on node 1 (Build target(s)).
ValidateSolutionConfiguration:
  Building solution configuration "Release|x64".
Project "C:\Users\sebas\masterFrozenPursuit\group-1\Frozen Pursuit.sln" (1) is building "C:\Users\sebas\masterFrozenPursuit\group-1\My Game\My Game.vcxproj" (2) on node 1 (default targets).
PrepareForBuild:
  Creating directory "C:\Users\sebas\masterFrozenPursuit\group-1\x64\Release\".
  Structured output is enabled. The formatting of compiler diagnostics will reflect the error hierarchy. See https://aka.ms/cpp/structured-output for more details.
  Creating directory "C:\Users\sebas\masterFrozenPursuit\group-1\x64\Release\My Game.tlog\".
InitializeBuildStatus:
  Creating "C:\Users\sebas\masterFrozenPursuit\group-1\x64\Release\My Game.tlog\unsuccessfulbuild" because "AlwaysCreate" was specified.
  Touching "C:\Users\sebas\masterFrozenPursuit\group-1\x64\Release\My Game.tlog\unsuccessfulbuild".
ClCompile:
  C:\Program Files\Microsoft Visual Studio\2022\Community\VC\Tools\MSVC\14.44.35207\bin\HostX86\x64\CL.exe /c /Zi /nologo /W3 /WX- /diagnostics:column /O2 /Oi /GL /D _MBCS /Gm- /EHsc /MD /GS /Gy- /fp:precise /Zc:wchar_t /Zc:forScope /Zc:inline /Fo"C:\Users\sebas\masterFrozenPursuit\group-1\x64\Release\\" /Fd"C:\Users\sebas\masterFrozenPursuit\group-1\x64\Release\vc143.pdb" /external:W3 /Gd /TP /FC /errorReport:queue Attack.cpp Common.cpp Enemy.cpp Game.cpp GraphGen.cpp HUD.cpp IceBat.cpp Item.cpp Main.cpp Object.cpp ObjectManager.cpp Player.cpp Projectile.cpp Room.cpp
  Attack.cpp
  Common.cpp
  Enemy.cpp
  Game.cpp
C:\Users\sebas\masterFrozenPursuit\group-1\My Game\Game.cpp(96,30): error C2838: 'StartButton0': illegal qualified name in member declaration [C:\Users\sebas\masterFrozenPursuit\group-1\My Game\My Game.vcxproj]
  GraphGen.cpp
C:\Users\sebas\masterFrozenPursuit\group-1\My Game\Game.cpp(96,30): error C2065: 'StartButton0': undeclared identifier [C:\Users\sebas\masterFrozenPursuit\group-1\My Game\My Game.vcxproj]
C:\Users\sebas\masterFrozenPursuit\group-1\My Game\Game.cpp(97,30): error C2838: 'StartButton1': illegal qualified name in member declaration [C:\Users\sebas\masterFrozenPursuit\group-1\My Game\My Game.vcxproj]
C:\Users\sebas\masterFrozenPursuit\group-1\My Game\Game.cpp(97,30): error C2065: 'StartButton1': undeclared identifier [C:\Users\sebas\masterFrozenPursuit\group-1\My Game\My Game.vcxproj]
C:\Users\sebas\masterFrozenPursuit\group-1\My Game\Game.cpp(98,30): error C2838: 'ExitButton0': illegal qualified name in member declaration [C:\Users\sebas\masterFrozenPursuit\group-1\My Game\My Game.vcxproj]
C:\Users\sebas\masterFrozenPursuit\group-1\My Game\Game.cpp(98,30): error C2065: 'ExitButton0': undeclared identifier [C:\Users\sebas\masterFrozenPursuit\group-1\My Game\My Game.vcxproj]
C:\Users\sebas\masterFrozenPursuit\group-1\My Game\Game.cpp(99,30): error C2838: 'ExitButton1': illegal qualified name in member declaration [C:\Users\sebas\masterFrozenPursuit\group-1\My Game\My Game.vcxproj]
C:\Users\sebas\masterFrozenPursuit\group-1\My Game\Game.cpp(99,30): error C2065: 'ExitButton1': undeclared identifier [C:\Users\sebas\masterFrozenPursuit\group-1\My Game\My Game.vcxproj]
